\BOOKMARK [1][-]{section.1}{\376\377\137\025\212\000}{}% 1
\BOOKMARK [2][-]{subsection.1.1}{\376\377\170\024\172\166\200\314\146\157}{section.1}% 2
\BOOKMARK [2][-]{subsection.1.2}{\376\377\000S\000Q\000I\000s\000i\000g\000n\000\040\116\016\124\014\156\220\145\160\133\127\173\176\124\015}{section.1}% 3
\BOOKMARK [2][-]{subsection.1.3}{\376\377\147\054\145\207\150\070\137\303\215\041\163\056}{section.1}% 4
\BOOKMARK [1][-]{section.2}{\376\377\142\200\147\057\200\314\146\157}{}% 5
\BOOKMARK [2][-]{subsection.2.1}{\376\377\151\055\127\006\146\362\176\277\124\014\156\220\127\372\170\100}{section.2}% 6
\BOOKMARK [2][-]{subsection.2.2}{\376\377\232\330\176\364\124\014\156\220\116\016\000\040\000K\000a\000n\000i\000\040\137\025\164\006}{section.2}% 7
\BOOKMARK [2][-]{subsection.2.3}{\376\377\000S\000Q\000I\000s\000i\000g\000n\0002\000D\000-\000E\000a\000s\000t\000\040\173\200\116\313}{section.2}% 8
\BOOKMARK [1][-]{section.3}{\376\377\000S\000Q\000I\000s\000i\000g\000n\0002\000D\0002\000\040\166\204\150\070\137\303\122\033\145\260}{}% 9
\BOOKMARK [2][-]{subsection.3.1}{\376\377\123\302\145\160\221\315\147\204\377\032\000p\000\040\000=\000\040\000C\000\040\000D\000\040\000-\000\040\0001}{section.3}% 10
\BOOKMARK [2][-]{subsection.3.2}{\376\377\173\227\154\325\116\000\377\032\000I\000m\000R\000a\000n\000I\000s\000o\377\010\145\071\217\333\226\217\147\072\124\014\156\220\165\037\142\020\377\011}{section.3}% 11
\BOOKMARK [2][-]{subsection.3.3}{\376\377\173\227\154\325\116\214\377\032\000G\000e\000n\000I\000m\000R\000a\000n\000I\000s\000o\377\010\136\177\116\111\145\071\217\333\226\217\147\072\124\014\156\220\377\011}{section.3}% 12
\BOOKMARK [2][-]{subsection.3.4}{\376\377\124\315\136\224\124\014\156\220\147\141\116\366\166\204\173\200\123\026}{section.3}% 13
\BOOKMARK [1][-]{section.4}{\376\377\000S\000Q\000I\000s\000i\000g\000n\0002\000D\0002\000\040\123\117\213\256\155\101\172\013}{}% 14
\BOOKMARK [2][-]{subsection.4.1}{\376\377\123\302\145\160\213\276\177\156}{section.4}% 15
\BOOKMARK [2][-]{subsection.4.2}{\376\377\133\306\224\245\165\037\142\020}{section.4}% 16
\BOOKMARK [2][-]{subsection.4.3}{\376\377\142\177\213\372\040\023\143\021\142\030\040\023\124\315\136\224}{section.4}% 17
\BOOKMARK [2][-]{subsection.4.4}{\376\377\232\214\213\301}{section.4}% 18
\BOOKMARK [1][-]{section.5}{\376\377\133\211\121\150\140\047\122\006\147\220}{}% 19
\BOOKMARK [2][-]{subsection.5.1}{\376\377\162\171\153\212\123\357\227\140\140\047}{section.5}% 20
\BOOKMARK [2][-]{subsection.5.2}{\376\377\226\366\167\345\213\306\140\047}{section.5}% 21
\BOOKMARK [2][-]{subsection.5.3}{\376\377\142\177\213\372\221\307\150\067\166\204\137\072\123\026}{section.5}% 22
\BOOKMARK [1][-]{section.6}{\376\377\140\047\200\375\213\304\117\060\116\016\133\371\153\324}{}% 23
\BOOKMARK [1][-]{section.7}{\376\377\116\052\116\272\140\035\200\003\116\016\134\125\147\033}{}% 24
\BOOKMARK [2][-]{subsection.7.1}{\376\377\121\163\116\216\221\317\133\120\133\211\121\150\140\047\166\204\164\006\211\343}{section.7}% 25
\BOOKMARK [2][-]{subsection.7.2}{\376\377\133\371\213\272\145\207\166\204\213\304\116\367}{section.7}% 26
\BOOKMARK [2][-]{subsection.7.3}{\376\377\147\052\147\145\134\125\147\033}{section.7}% 27
\BOOKMARK [1][-]{section.8}{\376\377\140\073\176\323}{}% 28
